src/components/BookingCalendar.tsx(188,149): error TS2339: Property 'name' does not exist on type 'Doctor'.
src/components/GlobalSearch.tsx(74,25): error TS2339: Property 'name' does not exist on type 'Doctor'.
src/components/GlobalSearch.tsx(77,28): error TS2339: Property 'name' does not exist on type 'Doctor'.
src/components/ui/phone-input.tsx(14,20): error TS6133: 'val' is declared but its value is never read.
src/components/ui/phone-input.tsx(18,22): error TS2345: Argument of type 'string' is not assignable to parameter of type 'ChangeEvent<HTMLInputElement>'.
src/lib/api/endpoints.ts(60,48): error TS2344: Type '"name" | "phone" | "specialty" | "workingHours"' does not satisfy the constraint 'keyof Doctor'.
  Type '"name"' is not assignable to type 'keyof Doctor'.
src/modules/analytics/hooks/useAnalytics.ts(74,26): error TS2339: Property 'detailed' does not exist on type '{ totalCount: number; categoriesCount: number; avgPrice: number; }'.
src/modules/auth/pages/LoginPage.tsx(110,19): error TS2322: Type '(val: string) => void' is not assignable to type 'ChangeEventHandler<HTMLInputElement>'.
  Types of parameters 'val' and 'event' are incompatible.
    Type 'ChangeEvent<HTMLInputElement>' is not assignable to type 'string'.
src/modules/bookings/hooks/useBookings.ts(24,5): error TS4104: The type 'readonly ["bookings"]' is 'readonly' and cannot be assigned to the mutable type 'any[]'.
src/modules/bookings/hooks/useBookings.ts(58,65): error TS2345: Argument of type '{ source?: "walk-in" | "telegram" | "website" | "phone"; time?: string; status?: "pending" | "confirmed" | "arrived" | "no-show" | "completed" | "cancelled"; date?: string; notes?: string; patientId?: string; doctorId?: string; serviceId?: string; }' is not assignable to parameter of type 'Omit<Booking, "id" | "createdAt"> & { createdAt?: string; }'.
  Type '{ source?: "walk-in" | "telegram" | "website" | "phone"; time?: string; status?: "pending" | "confirmed" | "arrived" | "no-show" | "completed" | "cancelled"; date?: string; notes?: string; patientId?: string; doctorId?: string; serviceId?: string; }' is not assignable to type 'Omit<Booking, "id" | "createdAt">'.
    Property 'source' is optional in type '{ source?: "walk-in" | "telegram" | "website" | "phone"; time?: string; status?: "pending" | "confirmed" | "arrived" | "no-show" | "completed" | "cancelled"; date?: string; notes?: string; patientId?: string; doctorId?: string; serviceId?: string; }' but required in type 'Omit<Booking, "id" | "createdAt">'.
src/modules/doctors/components/DoctorEfficiencyStats.tsx(4,1): error TS6192: All imports in import declaration are unused.
src/modules/doctors/components/DoctorEfficiencyStats.tsx(4,10): error TS2305: Module '"@/components/ui/button"' has no exported member 'Card'.
src/modules/doctors/components/DoctorEfficiencyStats.tsx(4,16): error TS2305: Module '"@/components/ui/button"' has no exported member 'CardContent'.
src/modules/doctors/components/DoctorEfficiencyStats.tsx(4,29): error TS2305: Module '"@/components/ui/button"' has no exported member 'CardHeader'.
src/modules/doctors/components/DoctorEfficiencyStats.tsx(4,41): error TS2305: Module '"@/components/ui/button"' has no exported member 'CardTitle'.
src/modules/doctors/components/DoctorEfficiencyStats.tsx(8,3): error TS6133: 'TrendingUp' is declared but its value is never read.
src/modules/doctors/components/DoctorEfficiencyStats.tsx(13,3): error TS6133: 'BarChart3' is declared but its value is never read.
src/modules/doctors/hooks/useDoctors.ts(26,5): error TS4104: The type 'readonly ["doctors"]' is 'readonly' and cannot be assigned to the mutable type 'any[]'.
src/modules/doctors/hooks/useDoctors.ts(96,9): error TS2322: Type '{ day?: number; startTime?: string; endTime?: string; isWorking?: boolean; }[]' is not assignable to type 'DoctorSchedule[]'.
  Type '{ day?: number; startTime?: string; endTime?: string; isWorking?: boolean; }' is not assignable to type 'DoctorSchedule'.
    Property 'day' is optional in type '{ day?: number; startTime?: string; endTime?: string; isWorking?: boolean; }' but required in type 'DoctorSchedule'.
src/modules/doctors/pages/DoctorsPage.tsx(15,1): error TS6133: 'DoctorCard' is declared but its value is never read.
src/modules/doctors/pages/DoctorsPage.tsx(52,5): error TS6133: 'visits' is declared but its value is never read.
src/modules/doctors/pages/DoctorsPage.tsx(217,31): error TS2339: Property 'uniquePatients' does not exist on type 'DoctorEfficiencyStats'.
src/modules/finance/hooks/useFinance.ts(22,5): error TS4104: The type 'readonly ["payments"]' is 'readonly' and cannot be assigned to the mutable type 'any[]'.
src/modules/finance/hooks/useFinance.ts(95,26): error TS2345: Argument of type '{ method?: "cash" | "card" | "transfer" | "insurance"; type?: "INCOME" | "EXPENSE"; status?: "partial" | "paid" | "unpaid"; description?: string; patientId?: string; amount?: number; }' is not assignable to parameter of type 'Omit<Payment, "id"> & { date?: string; }'.
  Property 'date' is missing in type '{ method?: "cash" | "card" | "transfer" | "insurance"; type?: "INCOME" | "EXPENSE"; status?: "partial" | "paid" | "unpaid"; description?: string; patientId?: string; amount?: number; }' but required in type 'Omit<Payment, "id">'.
src/modules/finance/pages/FinancePage.tsx(18,16): error TS6133: 'TabsContent' is declared but its value is never read.
src/modules/finance/pages/FinancePage.tsx(35,5): error TS6133: 'doctors' is declared but its value is never read.
src/modules/notifications/hooks/useBulkSms.ts(1,29): error TS6133: 'useEffect' is declared but its value is never read.
src/modules/notifications/hooks/useBulkSms.ts(5,10): error TS6133: 'format' is declared but its value is never read.
src/modules/notifications/hooks/useBulkSms.ts(14,23): error TS6133: 'setCustomRange' is declared but its value is never read.
src/modules/notifications/pages/NotificationsPage.tsx(3,20): error TS6133: 'useMutation' is declared but its value is never read.
src/modules/notifications/pages/NotificationsPage.tsx(11,51): error TS6133: 'Bell' is declared but its value is never read.
src/modules/notifications/pages/NotificationsPage.tsx(12,34): error TS6133: 'Search' is declared but its value is never read.
src/modules/notifications/pages/NotificationsPage.tsx(14,1): error TS6133: 'toast' is declared but its value is never read.
src/modules/notifications/pages/NotificationsPage.tsx(20,1): error TS6133: 'Input' is declared but its value is never read.
src/modules/notifications/pages/NotificationsPage.tsx(327,21): error TS2322: Type '"xs"' is not assignable to type '"default" | "sm" | "lg" | "icon"'.
src/modules/notifications/pages/NotificationsPage.tsx(344,43): error TS2322: Type '"xs"' is not assignable to type '"default" | "sm" | "lg" | "icon"'.
src/modules/notifications/pages/NotificationsPage.tsx(345,43): error TS2322: Type '"xs"' is not assignable to type '"default" | "sm" | "lg" | "icon"'.
src/modules/notifications/pages/NotificationsPage.tsx(347,45): error TS2322: Type '"xs"' is not assignable to type '"default" | "sm" | "lg" | "icon"'.
src/modules/notifications/pages/NotificationsPage.tsx(410,9): error TS6133: 'queryClient' is declared but its value is never read.
src/modules/notifications/pages/NotificationsPage.tsx(413,5): error TS4104: The type 'readonly ["notifications"]' is 'readonly' and cannot be assigned to the mutable type 'any[]'.
src/modules/patients/hooks/usePatientProfile.ts(203,30): error TS2339: Property 'treatment' does not exist on type '{ doctorId: string; diagnosis: string; price: string; status: VisitStatus; shouldPayNow: boolean; payAmount: string; payMethod: PaymentMethod; }'.
src/modules/patients/hooks/usePatientProfile.ts(204,26): error TS2339: Property 'notes' does not exist on type '{ doctorId: string; diagnosis: string; price: string; status: VisitStatus; shouldPayNow: boolean; payAmount: string; payMethod: PaymentMethod; }'.
src/modules/patients/hooks/usePatientProfile.ts(210,37): error TS2345: Argument of type '{ patientId: string; amount: number; method: PaymentMethod; status: "paid"; date: string; description: string; visitId: string; }' is not assignable to parameter of type 'Omit<Payment, "id"> & { date?: string; }'.
  Property 'type' is missing in type '{ patientId: string; amount: number; method: PaymentMethod; status: "paid"; date: string; description: string; visitId: string; }' but required in type 'Omit<Payment, "id">'.
src/modules/patients/hooks/usePatientProfile.ts(227,13): error TS2353: Object literal may only specify known properties, and 'treatment' does not exist in type 'SetStateAction<{ doctorId: string; diagnosis: string; price: string; status: VisitStatus; shouldPayNow: boolean; payAmount: string; payMethod: PaymentMethod; }>'.
src/modules/patients/hooks/usePatientProfile.ts(253,7): error TS2345: Argument of type '{ patientId: string; amount: number; method: PaymentMethod; status: PaymentStatus; date: string; description: string; visitId: string; }' is not assignable to parameter of type 'Omit<Payment, "id"> & { date?: string; }'.
  Property 'type' is missing in type '{ patientId: string; amount: number; method: PaymentMethod; status: PaymentStatus; date: string; description: string; visitId: string; }' but required in type 'Omit<Payment, "id">'.
src/modules/patients/hooks/usePatientProfile.ts(295,39): error TS2304: Cannot find name 'Visit'.
src/modules/patients/hooks/usePatientProfile.ts(302,47): error TS2339: Property 'name' does not exist on type 'Doctor'.
src/modules/patients/hooks/usePatients.ts(22,5): error TS4104: The type 'readonly ["patients"]' is 'readonly' and cannot be assigned to the mutable type 'any[]'.
src/modules/patients/hooks/usePatients.ts(70,26): error TS2345: Argument of type '{ address?: string; source?: "walk-in" | "telegram" | "website" | "phone"; phone?: string; firstName?: string; lastName?: string; age?: number; workplace?: string; assignedDoctorId?: string; notes?: string; }' is not assignable to parameter of type 'Partial<Patient> & Pick<Patient, "source" | "phone" | "firstName" | "lastName" | "age">'.
  Type '{ address?: string; source?: "walk-in" | "telegram" | "website" | "phone"; phone?: string; firstName?: string; lastName?: string; age?: number; workplace?: string; assignedDoctorId?: string; notes?: string; }' is not assignable to type 'Pick<Patient, "source" | "phone" | "firstName" | "lastName" | "age">'.
    Property 'source' is optional in type '{ address?: string; source?: "walk-in" | "telegram" | "website" | "phone"; phone?: string; firstName?: string; lastName?: string; age?: number; workplace?: string; assignedDoctorId?: string; notes?: string; }' but required in type 'Pick<Patient, "source" | "phone" | "firstName" | "lastName" | "age">'.
src/modules/patients/pages/PatientProfilePage.tsx(10,38): error TS6133: 'Droplets' is declared but its value is never read.
src/modules/patients/pages/PatientProfilePage.tsx(10,48): error TS6133: 'AlertTriangle' is declared but its value is never read.
src/modules/patients/pages/PatientProfilePage.tsx(10,63): error TS6133: 'FileText' is declared but its value is never read.
src/modules/patients/pages/PatientProfilePage.tsx(13,1): error TS6133: 'Badge' is declared but its value is never read.
src/modules/patients/pages/PatientProfilePage.tsx(21,29): error TS2552: Cannot find name 'PaymentMethod'. Did you mean 'PaymentMethodData'?
src/modules/patients/pages/PatientProfilePage.tsx(69,5): error TS6133: 'isLoading' is declared but its value is never read.
src/modules/patients/pages/PatientProfilePage.tsx(257,24): error TS2304: Cannot find name 'VISIT_STATUS_LABELS'.
src/modules/patients/pages/PatientProfilePage.tsx(432,66): error TS2304: Cannot find name 'BookingSource'.
src/modules/patients/pages/PatientProfilePage.tsx(435,65): error TS2304: Cannot find name 'BookingSource'.
src/modules/patients/pages/PatientProfilePage.tsx(435,122): error TS2304: Cannot find name 'BOOKING_SOURCE_LABELS'.
src/modules/patients/pages/PatientProfilePage.tsx(457,70): error TS2304: Cannot find name 'ToothRecord'.
src/modules/patients/pages/PatientProfilePage.tsx(483,69): error TS2304: Cannot find name 'VisitStatus'.
src/modules/patients/pages/PatientProfilePage.tsx(486,68): error TS2304: Cannot find name 'VisitStatus'.
src/modules/patients/pages/PatientProfilePage.tsx(486,123): error TS2304: Cannot find name 'VISIT_STATUS_LABELS'.
src/modules/patients/pages/PatientProfilePage.tsx(492,105): error TS2339: Property 'treatment' does not exist on type '{ doctorId: string; diagnosis: string; price: string; status: VisitStatus; shouldPayNow: boolean; payAmount: string; payMethod: PaymentMethod; }'.
src/modules/patients/pages/PatientProfilePage.tsx(492,160): error TS2353: Object literal may only specify known properties, and 'treatment' does not exist in type 'SetStateAction<{ doctorId: string; diagnosis: string; price: string; status: VisitStatus; shouldPayNow: boolean; payAmount: string; payMethod: PaymentMethod; }>'.
src/modules/patients/pages/PatientProfilePage.tsx(493,97): error TS2339: Property 'notes' does not exist on type '{ doctorId: string; diagnosis: string; price: string; status: VisitStatus; shouldPayNow: boolean; payAmount: string; payMethod: PaymentMethod; }'.
src/modules/patients/pages/PatientProfilePage.tsx(493,148): error TS2353: Object literal may only specify known properties, and 'notes' does not exist in type 'SetStateAction<{ doctorId: string; diagnosis: string; price: string; status: VisitStatus; shouldPayNow: boolean; payAmount: string; payMethod: PaymentMethod; }>'.
src/modules/patients/pages/PatientProfilePage.tsx(520,76): error TS2304: Cannot find name 'PaymentMethod'.
src/modules/patients/pages/PatientProfilePage.tsx(523,69): error TS2304: Cannot find name 'PaymentMethod'.
src/modules/patients/pages/PatientProfilePage.tsx(579,69): error TS2552: Cannot find name 'PaymentMethod'. Did you mean 'PaymentMethodData'?
src/modules/patients/pages/PatientProfilePage.tsx(582,67): error TS2304: Cannot find name 'PaymentMethod'.
src/modules/patients/pages/PatientProfilePage.tsx(588,69): error TS2304: Cannot find name 'PaymentStatus'.
src/modules/patients/pages/PatientProfilePage.tsx(591,56): error TS2304: Cannot find name 'PaymentStatus'.
src/modules/patients/pages/PatientProfilePage.tsx(591,113): error TS2304: Cannot find name 'PAYMENT_STATUS_LABELS'.
src/modules/patients/services/patient.service.ts(15,5): error TS2353: Object literal may only specify known properties, and 'allergies' does not exist in type '{ address?: string; source?: "walk-in" | "telegram" | "website" | "phone"; phone?: string; firstName?: string; lastName?: string; age?: unknown; workplace?: string; assignedDoctorId?: string; notes?: string; }'.
src/modules/patients/services/patient.service.ts(29,5): error TS2353: Object literal may only specify known properties, and 'allergies' does not exist in type '{ address?: string; source?: "walk-in" | "telegram" | "website" | "phone"; phone?: string; firstName?: string; lastName?: string; age?: unknown; workplace?: string; assignedDoctorId?: string; notes?: string; }'.
src/modules/patients/services/patient.service.ts(29,18): error TS2339: Property 'allergies' does not exist on type 'Patient'.
src/modules/patients/services/patient.service.ts(30,18): error TS2339: Property 'bloodType' does not exist on type 'Patient'.
src/modules/services/hooks/useServices.ts(24,5): error TS4104: The type 'readonly ["services"]' is 'readonly' and cannot be assigned to the mutable type 'any[]'.
src/modules/services/hooks/useServices.ts(87,26): error TS2345: Argument of type '{ duration?: number; name?: string; description?: string; price?: number; category?: string; }' is not assignable to parameter of type 'Omit<Service, "id">'.
  Property 'duration' is optional in type '{ duration?: number; name?: string; description?: string; price?: number; category?: string; }' but required in type 'Omit<Service, "id">'.
src/modules/services/pages/ServicesPage.tsx(2,24): error TS6133: 'Tag' is declared but its value is never read.
src/modules/services/pages/ServicesPage.tsx(11,23): error TS6133: 'CATEGORIES' is declared but its value is never read.
src/modules/services/pages/ServicesPage.tsx(12,10): error TS6133: 'ServiceCard' is declared but its value is never read.
src/modules/services/pages/ServicesPage.tsx(36,5): error TS6133: 'groupedServices' is declared but its value is never read.
src/modules/services/pages/ServicesPage.tsx(142,41): error TS2339: Property 'detailed' does not exist on type '{ totalCount: number; categoriesCount: number; avgPrice: number; }'.
src/modules/users/components/UserForm.tsx(23,1): error TS6192: All imports in import declaration are unused.
src/modules/users/hooks/useUsers.ts(37,46): error TS2345: Argument of type 'SessionUser' is not assignable to parameter of type 'Record<string, unknown>'.
  Index signature for type 'string' is missing in type 'SessionUser'.
src/modules/users/hooks/useUsers.ts(37,46): error TS2352: Conversion of type '{ name: string; email: string; role: "receptionist"; }' to type 'SessionUser' may be a mistake because neither type sufficiently overlaps with the other. If this was intentional, convert the expression to 'unknown' first.
  Type '{ name: string; email: string; role: "receptionist"; }' is missing the following properties from type 'SessionUser': id, phone
src/modules/users/hooks/useUsers.ts(65,19): error TS2339: Property 'email' does not exist on type 'SessionUser'.
src/modules/users/pages/UsersPage.tsx(32,10): error TS6133: 'roleFilter' is declared but its value is never read.
